Current working directory: /storage/ssd3/ArthurLee/GIPO/oct-AL-1126
train 736 valid 244 test 244
AE pretrain on 736 images (bs=8, 100 ep, AdamW lr=1e-05 wd=0.01, warmup=5)
  AE E1/100: recon_mse=0.095976 lr=3.60e-06 15.7s
  AE E2/100: recon_mse=0.065787 lr=5.20e-06 15.2s
  AE E3/100: recon_mse=0.050233 lr=6.80e-06 15.2s
  AE E4/100: recon_mse=0.042429 lr=8.40e-06 15.3s
  AE E5/100: recon_mse=0.037426 lr=1.00e-05 15.3s
  AE E6/100: recon_mse=0.034270 lr=1.00e-05 15.3s
  AE E7/100: recon_mse=0.032299 lr=1.00e-05 15.4s
  AE E8/100: recon_mse=0.030919 lr=1.00e-05 15.5s
  AE E9/100: recon_mse=0.029888 lr=1.00e-05 15.5s
  AE E10/100: recon_mse=0.028960 lr=1.00e-05 15.6s
  AE E11/100: recon_mse=0.028153 lr=1.00e-05 15.7s
  AE E12/100: recon_mse=0.027382 lr=1.00e-05 15.7s
  AE E13/100: recon_mse=0.026684 lr=1.00e-05 15.8s
  AE E14/100: recon_mse=0.025980 lr=1.00e-05 15.8s
  AE E15/100: recon_mse=0.025354 lr=1.00e-05 15.8s
  AE E16/100: recon_mse=0.024731 lr=1.00e-05 15.8s
  AE E17/100: recon_mse=0.024194 lr=1.00e-05 15.7s
  AE E18/100: recon_mse=0.023663 lr=1.00e-05 15.7s
  AE E19/100: recon_mse=0.023094 lr=1.00e-05 15.7s
  AE E20/100: recon_mse=0.022614 lr=1.00e-05 15.7s
  AE E21/100: recon_mse=0.022147 lr=1.00e-05 15.7s
  AE E22/100: recon_mse=0.021787 lr=1.00e-05 15.7s
  AE E23/100: recon_mse=0.021335 lr=1.00e-05 15.8s
  AE E24/100: recon_mse=0.020939 lr=1.00e-05 15.9s
  AE E25/100: recon_mse=0.020529 lr=1.00e-05 15.8s
    ↳ encoder ckpt @ep25 -> /storage/ssd3/ArthurLee/GIPO/oct-AL-1126/thesis/chapter_5/segmentation/autoencoder/ckpt/unet_ae_lr1e-05_bs8_ep100_encoder_ep25.pkl
  AE E26/100: recon_mse=0.020133 lr=1.00e-05 15.7s
  AE E27/100: recon_mse=0.019721 lr=1.00e-05 15.8s
  AE E28/100: recon_mse=0.019427 lr=1.00e-05 15.7s
  AE E29/100: recon_mse=0.019157 lr=1.00e-05 15.7s
  AE E30/100: recon_mse=0.018794 lr=1.00e-05 15.8s
  AE E31/100: recon_mse=0.018449 lr=1.00e-05 15.8s
  AE E32/100: recon_mse=0.018152 lr=1.00e-05 16.2s
  AE E33/100: recon_mse=0.017833 lr=1.00e-05 16.5s
  AE E34/100: recon_mse=0.017984 lr=1.00e-05 16.3s
  AE E35/100: recon_mse=0.017396 lr=1.00e-05 16.4s
  AE E36/100: recon_mse=0.017077 lr=1.00e-05 16.2s
  AE E37/100: recon_mse=0.016841 lr=1.00e-05 16.3s
  AE E38/100: recon_mse=0.016564 lr=1.00e-05 16.0s
  AE E39/100: recon_mse=0.016277 lr=1.00e-05 15.9s
  AE E40/100: recon_mse=0.016083 lr=1.00e-05 15.7s
  AE E41/100: recon_mse=0.015896 lr=1.00e-05 15.7s
  AE E42/100: recon_mse=0.015768 lr=1.00e-05 15.7s
  AE E43/100: recon_mse=0.015549 lr=1.00e-05 15.8s
  AE E44/100: recon_mse=0.015232 lr=1.00e-05 15.7s
  AE E45/100: recon_mse=0.015000 lr=1.00e-05 15.8s
  AE E46/100: recon_mse=0.014854 lr=1.00e-05 15.8s
  AE E47/100: recon_mse=0.014663 lr=1.00e-05 15.8s
  AE E48/100: recon_mse=0.014497 lr=1.00e-05 15.8s
  AE E49/100: recon_mse=0.014255 lr=1.00e-05 15.8s
  AE E50/100: recon_mse=0.014086 lr=1.00e-05 15.8s
    ↳ encoder ckpt @ep50 -> /storage/ssd3/ArthurLee/GIPO/oct-AL-1126/thesis/chapter_5/segmentation/autoencoder/ckpt/unet_ae_lr1e-05_bs8_ep100_encoder_ep50.pkl
  AE E51/100: recon_mse=0.013930 lr=1.00e-05 15.7s
  AE E52/100: recon_mse=0.013720 lr=1.00e-05 15.8s
  AE E53/100: recon_mse=0.013645 lr=1.00e-05 15.8s
  AE E54/100: recon_mse=0.013412 lr=1.00e-05 15.7s
  AE E55/100: recon_mse=0.013392 lr=1.00e-05 15.7s
  AE E56/100: recon_mse=0.013331 lr=1.00e-05 15.7s
  AE E57/100: recon_mse=0.013060 lr=1.00e-05 15.7s
  AE E58/100: recon_mse=0.012903 lr=1.00e-05 15.8s
  AE E59/100: recon_mse=0.012720 lr=1.00e-05 15.8s
  AE E60/100: recon_mse=0.012542 lr=1.00e-05 15.7s
  AE E61/100: recon_mse=0.012478 lr=1.00e-05 15.8s
  AE E62/100: recon_mse=0.012339 lr=1.00e-05 15.7s
  AE E63/100: recon_mse=0.012197 lr=1.00e-05 15.8s
  AE E64/100: recon_mse=0.012094 lr=1.00e-05 15.7s
  AE E65/100: recon_mse=0.011923 lr=1.00e-05 15.8s
  AE E66/100: recon_mse=0.011839 lr=1.00e-05 15.9s
  AE E67/100: recon_mse=0.011687 lr=1.00e-05 15.8s
  AE E68/100: recon_mse=0.011586 lr=1.00e-05 15.8s
  AE E69/100: recon_mse=0.011446 lr=1.00e-05 15.7s
  AE E70/100: recon_mse=0.011341 lr=1.00e-05 15.7s
  AE E71/100: recon_mse=0.011230 lr=1.00e-05 15.8s
  AE E72/100: recon_mse=0.011145 lr=1.00e-05 15.8s
  AE E73/100: recon_mse=0.011110 lr=1.00e-05 15.8s
  AE E74/100: recon_mse=0.010916 lr=1.00e-05 15.7s
  AE E75/100: recon_mse=0.010849 lr=1.00e-05 15.8s
    ↳ encoder ckpt @ep75 -> /storage/ssd3/ArthurLee/GIPO/oct-AL-1126/thesis/chapter_5/segmentation/autoencoder/ckpt/unet_ae_lr1e-05_bs8_ep100_encoder_ep75.pkl
  AE E76/100: recon_mse=0.010725 lr=1.00e-05 15.7s
  AE E77/100: recon_mse=0.010591 lr=1.00e-05 15.7s
  AE E78/100: recon_mse=0.010567 lr=1.00e-05 15.7s
  AE E79/100: recon_mse=0.010398 lr=1.00e-05 15.7s
  AE E80/100: recon_mse=0.010337 lr=1.00e-05 15.7s
  AE E81/100: recon_mse=0.010326 lr=1.00e-05 15.8s
  AE E82/100: recon_mse=0.010210 lr=1.00e-05 15.7s
  AE E83/100: recon_mse=0.010098 lr=1.00e-05 15.8s
  AE E84/100: recon_mse=0.010019 lr=1.00e-05 15.7s
  AE E85/100: recon_mse=0.009955 lr=1.00e-05 15.8s
  AE E86/100: recon_mse=0.009964 lr=1.00e-05 15.7s
  AE E87/100: recon_mse=0.009840 lr=1.00e-05 15.8s
  AE E88/100: recon_mse=0.009722 lr=1.00e-05 15.8s
  AE E89/100: recon_mse=0.009627 lr=1.00e-05 15.7s
  AE E90/100: recon_mse=0.009561 lr=1.00e-05 15.7s
  AE E91/100: recon_mse=0.009453 lr=1.00e-05 15.7s
  AE E92/100: recon_mse=0.009403 lr=1.00e-05 15.7s
  AE E93/100: recon_mse=0.009278 lr=1.00e-05 15.7s
  AE E94/100: recon_mse=0.009235 lr=1.00e-05 15.7s
  AE E95/100: recon_mse=0.009215 lr=1.00e-05 15.7s
  AE E96/100: recon_mse=0.009189 lr=1.00e-05 15.7s
  AE E97/100: recon_mse=0.009105 lr=1.00e-05 15.7s
  AE E98/100: recon_mse=0.009001 lr=1.00e-05 15.8s
  AE E99/100: recon_mse=0.008919 lr=1.00e-05 15.7s
  AE E100/100: recon_mse=0.008865 lr=1.00e-05 15.8s

✓ AE done. full -> /storage/ssd3/ArthurLee/GIPO/oct-AL-1126/thesis/chapter_5/segmentation/autoencoder/ckpt/unet_ae_lr1e-05_bs8_ep100.pkl
            encoder -> /storage/ssd3/ArthurLee/GIPO/oct-AL-1126/thesis/chapter_5/segmentation/autoencoder/ckpt/unet_ae_lr1e-05_bs8_ep100_encoder.pkl
